{
  "version": "1.5.0",
  "plugins_used": [
    {
      "name": "ArtifactoryDetector"
    },
    {
      "name": "AWSKeyDetector"
    },
    {
      "name": "AzureStorageKeyDetector"
    },
    {
      "name": "Base64HighEntropyString",
      "limit": 4.5
    },
    {
      "name": "BasicAuthDetector"
    },
    {
      "name": "CloudantDetector"
    },
    {
      "name": "DiscordBotTokenDetector"
    },
    {
      "name": "GitHubTokenDetector"
    },
    {
      "name": "GitLabTokenDetector"
    },
    {
      "name": "HexHighEntropyString",
      "limit": 3.0
    },
    {
      "name": "IbmCloudIamDetector"
    },
    {
      "name": "IbmCosHmacDetector"
    },
    {
      "name": "IPPublicDetector"
    },
    {
      "name": "JwtTokenDetector"
    },
    {
      "name": "KeywordDetector",
      "keyword_exclude": ""
    },
    {
      "name": "MailchimpDetector"
    },
    {
      "name": "NpmDetector"
    },
    {
      "name": "OpenAIDetector"
    },
    {
      "name": "PrivateKeyDetector"
    },
    {
      "name": "PypiTokenDetector"
    },
    {
      "name": "SendGridDetector"
    },
    {
      "name": "SlackDetector"
    },
    {
      "name": "SoftlayerDetector"
    },
    {
      "name": "SquareOAuthDetector"
    },
    {
      "name": "StripeDetector"
    },
    {
      "name": "TelegramBotTokenDetector"
    },
    {
      "name": "TwilioKeyDetector"
    }
  ],
  "filters_used": [
    {
      "path": "detect_secrets.filters.allowlist.is_line_allowlisted"
    },
    {
      "path": "detect_secrets.filters.common.is_baseline_file",
      "filename": ".secrets.baseline"
    },
    {
      "path": "detect_secrets.filters.common.is_ignored_due_to_verification_policies",
      "min_level": 2
    },
    {
      "path": "detect_secrets.filters.heuristic.is_indirect_reference"
    },
    {
      "path": "detect_secrets.filters.heuristic.is_likely_id_string"
    },
    {
      "path": "detect_secrets.filters.heuristic.is_lock_file"
    },
    {
      "path": "detect_secrets.filters.heuristic.is_not_alphanumeric_string"
    },
    {
      "path": "detect_secrets.filters.heuristic.is_potential_uuid"
    },
    {
      "path": "detect_secrets.filters.heuristic.is_prefixed_with_dollar_sign"
    },
    {
      "path": "detect_secrets.filters.heuristic.is_sequential_string"
    },
    {
      "path": "detect_secrets.filters.heuristic.is_swagger_file"
    },
    {
      "path": "detect_secrets.filters.heuristic.is_templated_secret"
    },
    {
      "path": "detect_secrets.filters.regex.should_exclude_file",
      "pattern": [
        ".*\\.sops\\.yaml",
        "\\.secrets\\.baseline"
      ]
    }
  ],
  "results": {
    "apps/actual/base/ingress.yaml": [
      {
        "type": "Secret Keyword",
        "filename": "apps/actual/base/ingress.yaml",
        "hashed_secret": "62ba233d62b48837e8934b1de9f959a43497c1bb",
        "is_verified": false,
        "line_number": 13
      }
    ],
    "apps/linkding/base/ingress.yaml": [
      {
        "type": "Secret Keyword",
        "filename": "apps/linkding/base/ingress.yaml",
        "hashed_secret": "2e32aad27c4502cb505e6cbdbea25a1c42195325",
        "is_verified": false,
        "line_number": 13
      }
    ],
    "apps/n8n/base/ingress.yaml": [
      {
        "type": "Secret Keyword",
        "filename": "apps/n8n/base/ingress.yaml",
        "hashed_secret": "608a35a6a09cc53d3754e8f754c774dccab65e1f",
        "is_verified": false,
        "line_number": 13
      }
    ],
    "apps/whoami/base/ingress.yaml": [
      {
        "type": "Secret Keyword",
        "filename": "apps/whoami/base/ingress.yaml",
        "hashed_secret": "a95c887275b8a2e5343fea44ffcce9f31f96f0f4",
        "is_verified": false,
        "line_number": 13
      }
    ],
    "bootstrap/ansible/roles/common/tasks/main.yml": [
      {
        "type": "Secret Keyword",
        "filename": "bootstrap/ansible/roles/common/tasks/main.yml",
        "hashed_secret": "6bc228d9b23806763b0341bf5f771a9b94e7b941",
        "is_verified": false,
        "line_number": 58
      }
    ],
    "docs/project-status.md": [
      {
        "type": "Secret Keyword",
        "filename": "docs/project-status.md",
        "hashed_secret": "11f626e62493ad16b51d31bcddf4e1d0f6bfc5e6",
        "is_verified": false,
        "line_number": 27
      },
      {
        "type": "Secret Keyword",
        "filename": "docs/project-status.md",
        "hashed_secret": "6c2103d190221f373f50b7f762ac2f6f1388f4d4",
        "is_verified": false,
        "line_number": 233
      }
    ],
    "docs/setup/06_postgresql-setup.md": [
      {
        "type": "Secret Keyword",
        "filename": "docs/setup/06_postgresql-setup.md",
        "hashed_secret": "c9af1e2a436fd1173cc1601cd40768e1e9ab8cb7",
        "is_verified": false,
        "line_number": 195
      }
    ],
    "docs/setup/07_app-setup.md": [
      {
        "type": "Secret Keyword",
        "filename": "docs/setup/07_app-setup.md",
        "hashed_secret": "213aedb2c063c14ff5f09bcf583246e865f358bc",
        "is_verified": false,
        "line_number": 344
      },
      {
        "type": "Secret Keyword",
        "filename": "docs/setup/07_app-setup.md",
        "hashed_secret": "489822f46a10710b4a0f210dd72929028efa5816",
        "is_verified": false,
        "line_number": 345
      }
    ]
  },
  "generated_at": "2026-04-12T06:37:37Z"
}
