{
  "version": "1.5.0",
  "plugins_used": [
    {
      "name": "ArtifactoryDetector"
    },
    {
      "name": "AWSKeyDetector"
    },
    {
      "name": "AzureStorageKeyDetector"
    },
    {
      "name": "Base64HighEntropyString",
      "limit": 4.5
    },
    {
      "name": "BasicAuthDetector"
    },
    {
      "name": "CloudantDetector"
    },
    {
      "name": "DiscordBotTokenDetector"
    },
    {
      "name": "GitHubTokenDetector"
    },
    {
      "name": "GitLabTokenDetector"
    },
    {
      "name": "HexHighEntropyString",
      "limit": 3.0
    },
    {
      "name": "IbmCloudIamDetector"
    },
    {
      "name": "IbmCosHmacDetector"
    },
    {
      "name": "IPPublicDetector"
    },
    {
      "name": "JwtTokenDetector"
    },
    {
      "name": "KeywordDetector",
      "keyword_exclude": ""
    },
    {
      "name": "MailchimpDetector"
    },
    {
      "name": "NpmDetector"
    },
    {
      "name": "OpenAIDetector"
    },
    {
      "name": "PrivateKeyDetector"
    },
    {
      "name": "PypiTokenDetector"
    },
    {
      "name": "SendGridDetector"
    },
    {
      "name": "SlackDetector"
    },
    {
      "name": "SoftlayerDetector"
    },
    {
      "name": "SquareOAuthDetector"
    },
    {
      "name": "StripeDetector"
    },
    {
      "name": "TelegramBotTokenDetector"
    },
    {
      "name": "TwilioKeyDetector"
    }
  ],
  "filters_used": [
    {
      "path": "detect_secrets.filters.allowlist.is_line_allowlisted"
    },
    {
      "path": "detect_secrets.filters.common.is_ignored_due_to_verification_policies",
      "min_level": 2
    },
    {
      "path": "detect_secrets.filters.heuristic.is_indirect_reference"
    },
    {
      "path": "detect_secrets.filters.heuristic.is_likely_id_string"
    },
    {
      "path": "detect_secrets.filters.heuristic.is_lock_file"
    },
    {
      "path": "detect_secrets.filters.heuristic.is_not_alphanumeric_string"
    },
    {
      "path": "detect_secrets.filters.heuristic.is_potential_uuid"
    },
    {
      "path": "detect_secrets.filters.heuristic.is_prefixed_with_dollar_sign"
    },
    {
      "path": "detect_secrets.filters.heuristic.is_sequential_string"
    },
    {
      "path": "detect_secrets.filters.heuristic.is_swagger_file"
    },
    {
      "path": "detect_secrets.filters.heuristic.is_templated_secret"
    }
  ],
  "results": {
    "analytics/tests/fixtures/k8s/ingress/2026/04/17/2026-04-17T10-00-00.000000-00-00.json": [
      {
        "type": "Secret Keyword",
        "filename": "analytics/tests/fixtures/k8s/ingress/2026/04/17/2026-04-17T10-00-00.000000-00-00.json",
        "hashed_secret": "62ba233d62b48837e8934b1de9f959a43497c1bb",
        "is_verified": false,
        "line_number": 18
      },
      {
        "type": "Secret Keyword",
        "filename": "analytics/tests/fixtures/k8s/ingress/2026/04/17/2026-04-17T10-00-00.000000-00-00.json",
        "hashed_secret": "2e32aad27c4502cb505e6cbdbea25a1c42195325",
        "is_verified": false,
        "line_number": 39
      },
      {
        "type": "Secret Keyword",
        "filename": "analytics/tests/fixtures/k8s/ingress/2026/04/17/2026-04-17T10-00-00.000000-00-00.json",
        "hashed_secret": "608a35a6a09cc53d3754e8f754c774dccab65e1f",
        "is_verified": false,
        "line_number": 60
      },
      {
        "type": "Secret Keyword",
        "filename": "analytics/tests/fixtures/k8s/ingress/2026/04/17/2026-04-17T10-00-00.000000-00-00.json",
        "hashed_secret": "a95c887275b8a2e5343fea44ffcce9f31f96f0f4",
        "is_verified": false,
        "line_number": 81
      }
    ],
    "analytics/tests/fixtures/k8s/workloads/2026/04/17/2026-04-17T10-00-00.000000-00-00.json": [
      {
        "type": "Hex High Entropy String",
        "filename": "analytics/tests/fixtures/k8s/workloads/2026/04/17/2026-04-17T10-00-00.000000-00-00.json",
        "hashed_secret": "d72a258681a189ba4442d76dd51f1c35e51658a6",
        "is_verified": false,
        "line_number": 504
      },
      {
        "type": "Hex High Entropy String",
        "filename": "analytics/tests/fixtures/k8s/workloads/2026/04/17/2026-04-17T10-00-00.000000-00-00.json",
        "hashed_secret": "cd503fc9a69c88e57d4ea292603a438480fd1d32",
        "is_verified": false,
        "line_number": 537
      },
      {
        "type": "Hex High Entropy String",
        "filename": "analytics/tests/fixtures/k8s/workloads/2026/04/17/2026-04-17T10-00-00.000000-00-00.json",
        "hashed_secret": "c5708747d4d6242e0cc4a71b380e644b8b85dcf8",
        "is_verified": false,
        "line_number": 571
      }
    ]
  },
  "generated_at": "2026-05-22T09:14:48Z"
}
